mode: set
mlb/misc/exponential_backoff.go:15.129,22.2 1 1
mlb/misc/exponential_backoff.go:25.39,27.2 1 1
mlb/misc/exponential_backoff.go:30.51,33.41 2 1
mlb/misc/exponential_backoff.go:33.41,35.42 2 1
mlb/misc/exponential_backoff.go:35.42,37.4 1 1
mlb/misc/exponential_backoff.go:40.2,40.17 1 1
mlb/misc/exponential_backoff.go:44.58,46.9 2 1
mlb/misc/exponential_backoff.go:47.17,47.17 0 1
mlb/misc/exponential_backoff.go:48.20,48.20 0 1
mlb/misc/exponential_backoff_ticker.go:12.141,22.2 3 1
mlb/misc/exponential_backoff_ticker.go:24.44,26.2 1 1
mlb/misc/exponential_backoff_ticker.go:28.67,35.28 5 1
mlb/misc/exponential_backoff_ticker.go:35.28,37.3 1 1
mlb/misc/exponential_backoff_ticker.go:37.8,39.3 1 1
mlb/misc/exponential_backoff_ticker.go:42.74,45.28 3 1
mlb/misc/exponential_backoff_ticker.go:45.28,48.3 2 1
mlb/misc/exponential_backoff_ticker.go:48.8,50.3 1 1
mlb/misc/misc.go:7.28,8.16 1 1
mlb/misc/misc.go:8.16,9.13 1 1
mlb/misc/misc.go:13.41,14.27 1 1
mlb/misc/misc.go:15.13,16.13 1 1
mlb/misc/misc.go:17.10,18.31 1 1
mlb/misc/misc.go:22.52,24.22 2 1
mlb/misc/misc.go:24.22,26.3 1 1
mlb/misc/misc.go:27.2,27.15 1 1
mlb/module/list.go:16.35,18.2 1 1
mlb/module/list.go:20.43,22.2 1 1
mlb/module/list.go:24.89,27.9 2 1
mlb/module/list.go:27.9,29.3 1 1
mlb/module/list.go:31.2,33.9 2 1
mlb/module/list.go:33.9,35.3 1 1
mlb/module/list.go:37.2,37.12 1 1
mlb/module/list.go:40.77,43.9 2 1
mlb/module/list.go:43.9,45.3 1 1
mlb/module/list.go:47.2,49.9 2 1
mlb/module/list.go:49.9,51.3 1 1
mlb/module/list.go:53.2,53.11 1 1
mlb/module/list.go:56.85,59.9 2 1
mlb/module/list.go:59.9,61.3 1 1
mlb/module/list.go:63.2,65.9 2 1
mlb/module/list.go:65.9,67.3 1 1
mlb/module/list.go:69.2,69.12 1 1
mlb/module/list.go:72.61,75.28 2 1
mlb/module/list.go:75.28,77.9 2 1
mlb/module/list.go:77.9,79.4 1 1
mlb/module/list.go:82.2,82.13 1 1
mlb/testutil/wait.go:11.124,14.29 3 1
mlb/testutil/wait.go:14.29,15.18 1 1
mlb/testutil/wait.go:15.18,17.4 1 1
mlb/testutil/wait.go:18.3,18.19 1 1
mlb/testutil/wait.go:21.2,21.25 1 1
mlb/testutil/wait.go:21.25,23.3 1 1
mlb/testutil/wait.go:23.8,26.3 2 1
mlb/testutil/wait.go:31.127,34.29 3 1
mlb/testutil/wait.go:34.29,35.19 1 1
mlb/testutil/wait.go:35.19,36.27 1 1
mlb/testutil/wait.go:36.27,38.5 1 0
mlb/testutil/wait.go:38.10,41.5 2 1
mlb/testutil/wait.go:42.4,42.10 1 1
mlb/testutil/wait.go:44.3,44.19 1 1
mlb/backend/backend.go:19.36,25.2 2 1
mlb/backend/backend.go:27.46,29.2 1 1
mlb/backend/backend.go:31.130,34.16 2 1
mlb/backend/backend.go:34.16,36.3 1 1
mlb/backend/backend.go:36.8,38.3 1 1
mlb/backend/backend.go:40.2,49.18 3 1
mlb/backend/backend.go:49.18,51.3 1 1
mlb/backend/backend.go:53.2,54.16 2 1
mlb/backend/backend.go:54.16,64.3 2 1
mlb/backend/backend.go:66.2,66.20 1 1
mlb/backend/backend.go:75.36,80.2 1 1
mlb/backend/backend.go:82.53,86.39 3 1
mlb/backend/backend.go:86.39,88.3 1 1
mlb/backend/backend.go:88.8,90.3 1 1
mlb/backend/backend.go:93.47,98.2 3 1
mlb/backend/backend.go:100.53,102.43 2 1
mlb/backend/backend.go:102.43,104.3 1 1
mlb/backend/backend.go:105.2,105.17 1 1
mlb/backend/backend.go:108.46,113.2 3 1
mlb/backend/backend.go:115.71,119.47 3 1
mlb/backend/backend.go:119.47,121.3 1 1
mlb/backend/backend.go:121.8,123.3 1 1
mlb/backend/backend.go:126.47,131.2 3 1
mlb/backend/backend.go:133.49,139.2 4 1
mlb/backend/backend.go:141.35,146.2 3 1
mlb/backend/meta.go:18.41,22.2 1 1
mlb/backend/meta.go:24.54,27.25 2 1
mlb/backend/meta.go:27.25,29.3 1 1
mlb/backend/meta.go:31.2,31.10 1 1
mlb/backend/meta.go:34.67,38.34 3 1
mlb/backend/meta.go:38.34,40.3 1 1
mlb/backend/meta.go:41.2,41.29 1 1
mlb/backend/meta.go:45.61,51.27 4 1
mlb/backend/meta.go:51.27,52.29 1 1
mlb/backend/meta.go:52.29,54.4 1 1
mlb/backend/meta.go:57.2,57.19 1 1
mlb/backend/meta.go:60.68,64.34 3 1
mlb/backend/meta.go:64.34,66.3 1 1
mlb/backend/meta.go:67.2,67.39 1 1
mlb/backend/meta.go:67.39,69.3 1 1
mlb/backend/meta.go:70.2,70.34 1 1
mlb/backend/meta.go:73.43,79.27 4 1
mlb/backend/meta.go:79.27,81.3 1 1
mlb/backend/meta.go:83.2,83.31 1 1
mlb/backend/meta.go:86.46,93.36 5 1
mlb/backend/meta.go:93.36,95.3 1 1
mlb/backend/meta.go:97.2,97.27 1 1
mlb/backend/meta.go:97.27,99.34 2 1
mlb/backend/meta.go:99.34,101.4 1 1
mlb/backend/meta.go:104.2,104.13 1 1
mlb/backend/meta.go:107.36,112.27 4 1
mlb/backend/meta.go:112.27,114.3 1 1
mlb/backend/meta.go:115.2,115.12 1 1
mlb/backend/meta.go:118.49,120.2 1 1
mlb/backend/meta.go:126.50,127.26 1 1
mlb/backend/meta.go:127.26,129.3 1 1
mlb/backend/meta.go:131.2,131.22 1 1
mlb/backend/meta.go:131.22,133.42 2 1
mlb/backend/meta.go:133.42,135.4 1 1
mlb/backend/meta.go:138.2,138.13 1 1
mlb/backend/meta.go:141.40,143.22 2 1
mlb/backend/meta.go:143.22,145.3 1 1
mlb/backend/meta.go:146.2,146.12 1 1
mlb/backend/meta.go:149.51,152.22 2 1
mlb/backend/meta.go:152.22,154.3 1 1
mlb/backend/meta.go:156.2,156.24 1 1
mlb/balancer/balancer.go:19.91,20.46 1 1
mlb/balancer/balancer.go:20.46,29.3 1 1
mlb/balancer/balancer.go:30.2,37.18 3 1
mlb/balancer/balancer.go:40.77,42.2 1 1
mlb/balancer/balancer.go:44.49,46.2 1 1
mlb/balancer/wrr.go:22.13,24.2 1 1
mlb/balancer/wrr.go:51.72,54.2 2 1
mlb/balancer/wrr.go:56.72,58.77 2 1
mlb/balancer/wrr.go:58.77,60.3 1 1
mlb/balancer/wrr.go:61.2,62.26 2 1
mlb/balancer/wrr.go:62.26,64.3 1 1
mlb/balancer/wrr.go:65.2,65.15 1 1
mlb/balancer/wrr.go:68.100,93.12 9 1
mlb/balancer/wrr.go:93.12,100.7 5 1
mlb/balancer/wrr.go:100.7,101.11 1 1
mlb/balancer/wrr.go:102.28,107.21 3 1
mlb/balancer/wrr.go:108.34,111.27 3 1
mlb/balancer/wrr.go:111.27,113.7 1 1
mlb/balancer/wrr.go:115.6,118.34 4 1
mlb/balancer/wrr.go:118.34,120.7 1 1
mlb/balancer/wrr.go:121.37,123.42 2 1
mlb/balancer/wrr.go:123.42,124.30 1 1
mlb/balancer/wrr.go:124.30,126.8 1 1
mlb/balancer/wrr.go:129.6,131.27 3 1
mlb/balancer/wrr.go:131.27,133.7 1 1
mlb/balancer/wrr.go:135.6,139.33 4 1
mlb/balancer/wrr.go:139.33,141.78 2 1
mlb/balancer/wrr.go:141.78,141.105 1 1
mlb/balancer/wrr.go:142.7,142.35 1 1
mlb/balancer/wrr.go:142.35,144.8 1 1
mlb/balancer/wrr.go:146.36,148.77 2 1
mlb/balancer/wrr.go:148.77,148.104 1 1
mlb/balancer/wrr.go:149.6,149.36 1 1
mlb/balancer/wrr.go:152.5,154.49 2 1
mlb/balancer/wrr.go:154.49,157.6 2 1
mlb/balancer/wrr.go:157.11,157.56 1 1
mlb/balancer/wrr.go:157.56,160.6 2 1
mlb/balancer/wrr.go:162.5,162.18 1 1
mlb/balancer/wrr.go:164.24,165.19 1 1
mlb/balancer/wrr.go:170.2,170.10 1 1
mlb/balancer/wrr.go:173.62,178.55 3 1
mlb/balancer/wrr.go:178.55,182.10 4 1
mlb/balancer/wrr.go:183.25,183.25 0 1
mlb/balancer/wrr.go:184.21,184.21 0 1
mlb/balancer/wrr.go:186.3,186.15 1 1
mlb/balancer/wrr.go:189.2,189.29 1 1
mlb/balancer/wrr.go:189.29,192.3 2 1
mlb/balancer/wrr.go:192.8,194.3 1 1
mlb/balancer/wrr.go:197.64,198.9 1 1
mlb/balancer/wrr.go:199.24,199.24 0 1
mlb/balancer/wrr.go:200.23,200.23 0 1
mlb/balancer/wrr.go:204.70,206.2 1 1
mlb/balancer/wrr.go:208.48,210.2 1 1
mlb/balancer/wrr.go:212.38,214.2 1 1
mlb/balancer/wrr.go:216.59,218.2 1 1
mlb/balancer/wrr.go:220.56,222.2 1 1
mlb/metrics/http.go:22.98,26.2 3 1
mlb/metrics/http.go:28.64,29.57 1 1
mlb/metrics/http.go:29.57,39.3 5 1
mlb/metrics/http.go:40.2,40.32 1 1
mlb/metrics/http.go:43.83,48.32 3 1
mlb/metrics/http.go:48.32,51.58 3 1
mlb/metrics/http.go:51.58,53.4 1 0
mlb/metrics/http.go:57.2,58.70 1 1
mlb/metrics/http.go:58.70,60.44 2 1
mlb/metrics/http.go:60.44,62.5 1 1
mlb/metrics/http.go:62.19,64.5 1 0
mlb/metrics/http.go:65.4,65.16 1 1
mlb/metrics/http.go:70.2,71.16 2 1
mlb/metrics/http.go:71.16,73.3 1 1
mlb/metrics/http.go:76.2,76.12 1 1
mlb/metrics/http.go:76.12,81.43 4 1
mlb/metrics/http.go:81.43,83.4 1 1
mlb/metrics/http.go:84.3,84.49 1 0
mlb/metrics/http.go:87.2,87.12 1 1
mlb/backends_processor/backends_processor.go:19.91,20.46 1 1
mlb/backends_processor/backends_processor.go:20.46,29.3 1 1
mlb/backends_processor/backends_processor.go:30.2,37.18 3 1
mlb/backends_processor/backends_processor.go:40.77,42.2 1 1
mlb/backends_processor/backends_processor.go:44.49,46.2 1 1
mlb/backends_processor/consul_kv.go:24.13,26.2 1 1
mlb/backends_processor/consul_kv.go:67.69,70.2 2 1
mlb/backends_processor/consul_kv.go:72.66,74.77 2 1
mlb/backends_processor/consul_kv.go:74.77,76.3 1 1
mlb/backends_processor/consul_kv.go:77.2,78.25 2 1
mlb/backends_processor/consul_kv.go:78.25,80.3 1 1
mlb/backends_processor/consul_kv.go:81.2,81.28 1 1
mlb/backends_processor/consul_kv.go:81.28,83.3 1 1
mlb/backends_processor/consul_kv.go:84.2,84.31 1 1
mlb/backends_processor/consul_kv.go:84.31,86.3 1 1
mlb/backends_processor/consul_kv.go:87.2,87.15 1 1
mlb/backends_processor/consul_kv.go:90.97,116.34 8 1
mlb/backends_processor/consul_kv.go:116.34,118.3 1 1
mlb/backends_processor/consul_kv.go:120.2,125.12 4 1
mlb/backends_processor/consul_kv.go:125.12,134.7 6 1
mlb/backends_processor/consul_kv.go:134.7,135.11 1 1
mlb/backends_processor/consul_kv.go:136.30,145.7 2 1
mlb/backends_processor/consul_kv.go:146.28,148.21 2 1
mlb/backends_processor/consul_kv.go:149.62,154.38 2 1
mlb/backends_processor/consul_kv.go:154.38,156.7 1 1
mlb/backends_processor/consul_kv.go:159.6,159.46 1 1
mlb/backends_processor/consul_kv.go:159.46,160.49 1 1
mlb/backends_processor/consul_kv.go:160.49,162.8 1 1
mlb/backends_processor/consul_kv.go:163.7,163.38 1 1
mlb/backends_processor/consul_kv.go:167.6,167.38 1 1
mlb/backends_processor/consul_kv.go:167.38,170.28 3 1
mlb/backends_processor/consul_kv.go:170.28,172.8 1 1
mlb/backends_processor/consul_kv.go:173.7,173.16 1 1
mlb/backends_processor/consul_kv.go:173.16,174.49 1 1
mlb/backends_processor/consul_kv.go:174.49,176.9 1 1
mlb/backends_processor/consul_kv.go:177.8,178.68 2 1
mlb/backends_processor/consul_kv.go:183.6,187.8 1 1
mlb/backends_processor/consul_kv.go:188.36,190.37 1 1
mlb/backends_processor/consul_kv.go:190.37,192.47 1 1
mlb/backends_processor/consul_kv.go:192.47,193.50 1 1
mlb/backends_processor/consul_kv.go:193.50,195.9 1 1
mlb/backends_processor/consul_kv.go:196.8,196.39 1 1
mlb/backends_processor/consul_kv.go:200.7,206.9 2 1
mlb/backends_processor/consul_kv.go:209.5,209.29 1 1
mlb/backends_processor/consul_kv.go:210.24,211.19 1 1
mlb/backends_processor/consul_kv.go:216.2,216.10 1 1
mlb/backends_processor/consul_kv.go:219.70,228.29 7 1
mlb/backends_processor/consul_kv.go:228.29,234.3 1 1
mlb/backends_processor/consul_kv.go:237.56,243.32 5 1
mlb/backends_processor/consul_kv.go:243.32,245.3 1 1
mlb/backends_processor/consul_kv.go:248.61,249.9 1 1
mlb/backends_processor/consul_kv.go:250.24,250.24 0 1
mlb/backends_processor/consul_kv.go:251.23,251.23 0 0
mlb/backends_processor/consul_kv.go:255.67,257.2 1 1
mlb/backends_processor/consul_kv.go:259.45,261.2 1 1
mlb/backends_processor/consul_kv.go:263.35,265.2 1 1
mlb/backends_processor/consul_kv.go:267.56,269.2 1 1
mlb/backends_processor/consul_kv.go:271.53,273.2 1 1
mlb/backends_processor/consul_kv.go:301.259,317.12 5 1
mlb/backends_processor/consul_kv.go:317.12,324.7 5 1
mlb/backends_processor/consul_kv.go:324.7,327.40 2 1
mlb/backends_processor/consul_kv.go:327.40,329.5 1 1
mlb/backends_processor/consul_kv.go:329.10,329.25 1 1
mlb/backends_processor/consul_kv.go:329.25,331.60 2 1
mlb/backends_processor/consul_kv.go:331.60,333.6 1 1
mlb/backends_processor/consul_kv.go:334.10,335.53 1 1
mlb/backends_processor/consul_kv.go:335.53,337.6 1 1
mlb/backends_processor/consul_kv.go:340.5,340.77 1 1
mlb/backends_processor/consul_kv.go:340.77,342.44 2 1
mlb/backends_processor/consul_kv.go:342.44,344.7 1 1
mlb/backends_processor/consul_kv.go:345.6,351.7 2 1
mlb/backends_processor/consul_kv.go:354.5,354.21 1 1
mlb/backends_processor/consul_kv.go:357.4,357.11 1 1
mlb/backends_processor/consul_kv.go:358.22,358.22 0 1
mlb/backends_processor/consul_kv.go:359.24,360.11 1 1
mlb/backends_processor/consul_kv.go:366.2,366.10 1 1
mlb/backends_processor/consul_kv.go:369.72,371.15 1 1
mlb/backends_processor/consul_kv.go:371.15,372.31 1 1
mlb/backends_processor/consul_kv.go:372.31,374.4 1 1
mlb/backends_processor/consul_kv.go:377.2,391.28 10 1
mlb/backends_processor/consul_kv.go:391.28,393.3 1 1
mlb/backends_processor/consul_kv.go:393.8,393.35 1 1
mlb/backends_processor/consul_kv.go:393.35,394.62 1 1
mlb/backends_processor/consul_kv.go:397.2,413.36 11 1
mlb/backends_processor/mysql.go:25.13,27.2 1 1
mlb/backends_processor/mysql.go:70.73,73.2 2 1
mlb/backends_processor/mysql.go:75.74,77.77 2 1
mlb/backends_processor/mysql.go:77.77,79.3 1 1
mlb/backends_processor/mysql.go:80.2,81.25 2 1
mlb/backends_processor/mysql.go:81.25,83.3 1 1
mlb/backends_processor/mysql.go:84.2,84.28 1 1
mlb/backends_processor/mysql.go:84.28,86.3 1 1
mlb/backends_processor/mysql.go:87.2,87.31 1 1
mlb/backends_processor/mysql.go:87.31,89.3 1 1
mlb/backends_processor/mysql.go:90.2,90.33 1 1
mlb/backends_processor/mysql.go:90.33,92.3 1 1
mlb/backends_processor/mysql.go:93.2,93.30 1 1
mlb/backends_processor/mysql.go:93.30,95.3 1 1
mlb/backends_processor/mysql.go:96.2,96.31 1 1
mlb/backends_processor/mysql.go:96.31,98.3 1 1
mlb/backends_processor/mysql.go:99.2,99.34 1 1
mlb/backends_processor/mysql.go:99.34,101.3 1 1
mlb/backends_processor/mysql.go:102.2,102.15 1 1
mlb/backends_processor/mysql.go:105.101,142.12 19 1
mlb/backends_processor/mysql.go:142.12,151.7 7 1
mlb/backends_processor/mysql.go:151.7,152.11 1 1
mlb/backends_processor/mysql.go:153.27,160.26 3 1
mlb/backends_processor/mysql.go:162.28,164.21 2 1
mlb/backends_processor/mysql.go:165.62,166.48 1 1
mlb/backends_processor/mysql.go:166.48,173.7 2 1
mlb/backends_processor/mysql.go:173.12,196.21 12 1
mlb/backends_processor/mysql.go:196.21,198.8 1 1
mlb/backends_processor/mysql.go:198.13,205.8 2 1
mlb/backends_processor/mysql.go:207.36,209.48 1 1
mlb/backends_processor/mysql.go:209.48,217.7 4 1
mlb/backends_processor/mysql.go:219.5,219.26 1 1
mlb/backends_processor/mysql.go:221.24,222.11 1 1
mlb/backends_processor/mysql.go:227.2,227.10 1 1
mlb/backends_processor/mysql.go:230.37,235.35 3 1
mlb/backends_processor/mysql.go:235.35,237.3 1 1
mlb/backends_processor/mysql.go:240.74,247.33 6 1
mlb/backends_processor/mysql.go:247.33,249.3 1 1
mlb/backends_processor/mysql.go:250.2,252.29 2 1
mlb/backends_processor/mysql.go:252.29,258.3 1 1
mlb/backends_processor/mysql.go:261.60,267.32 5 1
mlb/backends_processor/mysql.go:267.32,269.3 1 1
mlb/backends_processor/mysql.go:272.65,273.9 1 1
mlb/backends_processor/mysql.go:274.24,274.24 0 1
mlb/backends_processor/mysql.go:275.23,275.23 0 0
mlb/backends_processor/mysql.go:279.71,281.2 1 1
mlb/backends_processor/mysql.go:283.49,285.2 1 1
mlb/backends_processor/mysql.go:287.39,289.2 1 1
mlb/backends_processor/mysql.go:291.60,297.33 4 1
mlb/backends_processor/mysql.go:297.33,299.3 1 1
mlb/backends_processor/mysql.go:301.2,301.17 1 1
mlb/backends_processor/mysql.go:304.57,306.2 1 1
mlb/backends_processor/mysql.go:327.231,343.20 4 1
mlb/backends_processor/mysql.go:343.20,346.3 2 1
mlb/backends_processor/mysql.go:347.2,347.10 1 1
mlb/backends_processor/mysql.go:350.76,351.15 1 1
mlb/backends_processor/mysql.go:351.15,352.31 1 1
mlb/backends_processor/mysql.go:352.31,355.4 2 1
mlb/backends_processor/mysql.go:358.2,366.35 6 1
mlb/backends_processor/mysql.go:369.88,370.15 1 1
mlb/backends_processor/mysql.go:370.15,371.31 1 1
mlb/backends_processor/mysql.go:371.31,374.4 2 0
mlb/backends_processor/mysql.go:378.2,388.19 7 1
mlb/backends_processor/mysql.go:388.19,393.26 4 1
mlb/backends_processor/mysql.go:393.26,394.45 1 1
mlb/backends_processor/mysql.go:394.45,396.10 2 1
mlb/backends_processor/mysql.go:399.3,399.22 1 1
mlb/backends_processor/mysql.go:399.22,401.4 1 0
mlb/backends_processor/mysql.go:404.3,406.26 3 1
mlb/backends_processor/mysql.go:406.26,407.22 1 1
mlb/backends_processor/mysql.go:407.22,409.5 1 1
mlb/backends_processor/mysql.go:409.10,411.5 1 1
mlb/backends_processor/mysql.go:413.3,417.21 3 1
mlb/backends_processor/mysql.go:417.21,419.4 1 1
mlb/backends_processor/mysql.go:422.2,422.50 1 1
mlb/backends_processor/mysql.go:425.124,426.15 1 1
mlb/backends_processor/mysql.go:426.15,427.31 1 1
mlb/backends_processor/mysql.go:427.31,435.19 6 1
mlb/backends_processor/mysql.go:435.19,437.5 1 1
mlb/backends_processor/mysql.go:438.4,439.18 2 1
mlb/backends_processor/mysql.go:439.18,441.5 1 1
mlb/backends_processor/mysql.go:441.10,446.5 4 1
mlb/backends_processor/mysql.go:449.4,449.59 1 1
mlb/backends_processor/mysql.go:449.59,451.5 1 1
mlb/backends_processor/mysql.go:455.2,463.20 5 1
mlb/backends_processor/mysql.go:463.20,466.3 2 1
mlb/backends_processor/mysql.go:469.2,469.50 1 1
mlb/backends_processor/mysql.go:469.50,471.3 1 0
mlb/backends_processor/mysql.go:473.2,473.59 1 1
mlb/backends_processor/mysql.go:476.37,479.16 2 1
mlb/backends_processor/mysql.go:479.16,481.3 1 1
mlb/backends_processor/mysql.go:483.2,486.72 3 1
mlb/backends_processor/mysql.go:486.72,489.27 2 1
mlb/backends_processor/mysql.go:489.27,491.4 1 1
mlb/backends_processor/mysql.go:491.9,493.4 1 1
mlb/backends_processor/mysql.go:494.3,494.17 1 1
mlb/backends_processor/mysql.go:497.2,498.78 2 1
mlb/backends_processor/mysql.go:498.78,501.29 2 1
mlb/backends_processor/mysql.go:501.29,503.4 1 1
mlb/backends_processor/mysql.go:503.9,505.4 1 1
mlb/backends_processor/mysql.go:506.3,506.17 1 1
mlb/backends_processor/mysql.go:509.2,509.20 1 1
mlb/backends_processor/mysql.go:509.20,511.97 2 1
mlb/backends_processor/mysql.go:511.97,519.36 6 1
mlb/backends_processor/mysql.go:519.36,521.5 1 1
mlb/backends_processor/mysql.go:521.10,527.5 4 1
mlb/backends_processor/mysql.go:528.4,528.18 1 1
mlb/backends_processor/mysql.go:532.2,532.13 1 1
mlb/backends_processor/mysql.go:532.13,533.10 1 1
mlb/backends_processor/mysql.go:534.34,534.34 0 1
mlb/backends_processor/mysql.go:535.21,535.21 0 1
mlb/backends_processor/mysql.go:540.43,542.15 2 1
mlb/backends_processor/mysql.go:542.15,545.3 2 1
mlb/backends_processor/mysql.go:547.2,551.16 4 1
mlb/backends_processor/mysql.go:551.16,554.3 2 1
mlb/backends_processor/mysql.go:555.2,565.12 8 1
mlb/backends_processor/mysql.go:565.12,566.16 1 1
mlb/backends_processor/mysql.go:566.16,573.17 6 1
mlb/backends_processor/mysql.go:573.17,575.5 1 1
mlb/backends_processor/mysql.go:576.4,576.21 1 1
mlb/backends_processor/mysql.go:576.21,578.5 1 1
mlb/backends_processor/mysql.go:581.3,581.7 1 1
mlb/backends_processor/mysql.go:581.7,585.11 2 1
mlb/backends_processor/mysql.go:586.22,587.11 1 1
mlb/backends_processor/mysql.go:588.22,588.22 0 1
mlb/backends_processor/mysql.go:593.2,593.12 1 1
mlb/backends_processor/mysql.go:596.36,600.16 3 1
mlb/backends_processor/mysql.go:600.16,602.3 1 1
mlb/backends_processor/mysql.go:604.2,604.21 1 1
mlb/backends_processor/mysql.go:604.21,606.3 1 1
mlb/backends_processor/mysql.go:608.2,608.9 1 1
mlb/backends_processor/mysql.go:609.20,609.20 0 1
mlb/backends_processor/mysql.go:610.10,611.20 1 1
mlb/backends_processor/simple_filter.go:16.13,18.2 1 1
mlb/backends_processor/simple_filter.go:42.73,45.2 2 1
mlb/backends_processor/simple_filter.go:47.74,49.77 2 1
mlb/backends_processor/simple_filter.go:49.77,51.3 1 1
mlb/backends_processor/simple_filter.go:52.2,53.15 2 1
mlb/backends_processor/simple_filter.go:56.101,76.12 6 1
mlb/backends_processor/simple_filter.go:76.12,83.7 5 1
mlb/backends_processor/simple_filter.go:83.7,84.11 1 1
mlb/backends_processor/simple_filter.go:85.28,87.21 2 1
mlb/backends_processor/simple_filter.go:88.62,89.37 1 1
mlb/backends_processor/simple_filter.go:89.37,90.37 1 1
mlb/backends_processor/simple_filter.go:90.37,97.8 2 1
mlb/backends_processor/simple_filter.go:97.13,103.8 2 1
mlb/backends_processor/simple_filter.go:104.12,105.37 1 1
mlb/backends_processor/simple_filter.go:105.37,112.8 2 1
mlb/backends_processor/simple_filter.go:114.36,116.37 1 1
mlb/backends_processor/simple_filter.go:116.37,122.7 2 1
mlb/backends_processor/simple_filter.go:124.5,124.29 1 1
mlb/backends_processor/simple_filter.go:125.22,126.19 1 1
mlb/backends_processor/simple_filter.go:131.2,131.10 1 1
mlb/backends_processor/simple_filter.go:134.74,143.29 7 1
mlb/backends_processor/simple_filter.go:143.29,149.3 1 1
mlb/backends_processor/simple_filter.go:152.60,158.32 5 1
mlb/backends_processor/simple_filter.go:158.32,160.3 1 1
mlb/backends_processor/simple_filter.go:163.61,166.23 3 1
mlb/backends_processor/simple_filter.go:166.23,169.3 2 1
mlb/backends_processor/simple_filter.go:170.2,170.27 1 1
mlb/backends_processor/simple_filter.go:173.65,174.9 1 1
mlb/backends_processor/simple_filter.go:175.24,175.24 0 1
mlb/backends_processor/simple_filter.go:176.23,176.23 0 1
mlb/backends_processor/simple_filter.go:180.71,182.2 1 1
mlb/backends_processor/simple_filter.go:184.49,186.2 1 1
mlb/backends_processor/simple_filter.go:188.39,190.2 1 1
mlb/backends_processor/simple_filter.go:192.60,194.2 1 1
mlb/backends_processor/simple_filter.go:196.57,198.2 1 1
mlb/backends_inventory/backends_inventory.go:19.91,20.46 1 1
mlb/backends_inventory/backends_inventory.go:20.46,29.3 1 1
mlb/backends_inventory/backends_inventory.go:30.2,37.18 3 1
mlb/backends_inventory/backends_inventory.go:40.77,42.2 1 1
mlb/backends_inventory/backends_inventory.go:44.49,46.2 1 1
mlb/backends_inventory/consul.go:25.13,27.2 1 1
mlb/backends_inventory/consul.go:74.84,77.2 2 1
mlb/backends_inventory/consul.go:79.96,81.77 2 1
mlb/backends_inventory/consul.go:81.77,83.3 1 1
mlb/backends_inventory/consul.go:84.2,85.25 2 1
mlb/backends_inventory/consul.go:85.25,87.3 1 1
mlb/backends_inventory/consul.go:88.2,88.28 1 1
mlb/backends_inventory/consul.go:88.28,90.3 1 1
mlb/backends_inventory/consul.go:91.2,91.31 1 1
mlb/backends_inventory/consul.go:91.31,93.3 1 1
mlb/backends_inventory/consul.go:94.2,94.15 1 1
mlb/backends_inventory/consul.go:97.112,124.12 12 1
mlb/backends_inventory/consul.go:124.12,132.7 6 1
mlb/backends_inventory/consul.go:132.7,135.40 2 1
mlb/backends_inventory/consul.go:135.40,137.5 1 1
mlb/backends_inventory/consul.go:137.10,137.25 1 1
mlb/backends_inventory/consul.go:137.25,139.60 2 1
mlb/backends_inventory/consul.go:139.60,141.6 1 1
mlb/backends_inventory/consul.go:142.10,143.53 1 1
mlb/backends_inventory/consul.go:143.53,145.6 1 1
mlb/backends_inventory/consul.go:147.5,151.41 3 1
mlb/backends_inventory/consul.go:151.41,168.6 3 1
mlb/backends_inventory/consul.go:170.5,170.44 1 1
mlb/backends_inventory/consul.go:170.44,181.6 6 1
mlb/backends_inventory/consul.go:183.5,183.34 1 1
mlb/backends_inventory/consul.go:183.34,190.6 3 1
mlb/backends_inventory/consul.go:192.5,194.19 2 1
mlb/backends_inventory/consul.go:197.4,197.11 1 1
mlb/backends_inventory/consul.go:198.22,198.22 0 1
mlb/backends_inventory/consul.go:199.24,200.11 1 1
mlb/backends_inventory/consul.go:205.2,205.10 1 1
mlb/backends_inventory/consul.go:208.85,217.29 7 1
mlb/backends_inventory/consul.go:217.29,223.3 1 1
mlb/backends_inventory/consul.go:226.71,232.32 5 1
mlb/backends_inventory/consul.go:232.32,234.3 1 1
mlb/backends_inventory/consul.go:237.93,239.15 1 1
mlb/backends_inventory/consul.go:239.15,240.31 1 1
mlb/backends_inventory/consul.go:240.31,242.4 1 1
mlb/backends_inventory/consul.go:245.2,259.28 10 1
mlb/backends_inventory/consul.go:259.28,260.62 1 1
mlb/backends_inventory/consul.go:263.2,272.18 7 1
mlb/backends_inventory/consul.go:275.50,277.2 1 1
mlb/backends_inventory/consul.go:279.73,281.2 1 1
mlb/backends_inventory/consul.go:283.68,285.2 1 1
mlb/backends_inventory/consul.go:287.79,290.29 2 1
mlb/backends_inventory/consul.go:290.29,293.3 2 1
mlb/backends_inventory/consul.go:295.2,295.14 1 1
mlb/backends_inventory/consul.go:298.156,303.16 4 1
mlb/backends_inventory/consul.go:303.16,305.3 1 1
mlb/backends_inventory/consul.go:307.2,307.16 1 1
mlb/backends_inventory/consul.go:307.16,309.3 1 1
mlb/backends_inventory/consul.go:311.2,314.38 3 1
mlb/backends_inventory/consul.go:314.38,318.73 2 1
mlb/backends_inventory/consul.go:318.73,321.4 1 1
mlb/backends_inventory/consul.go:321.9,321.21 1 1
mlb/backends_inventory/consul.go:321.21,323.4 1 1
mlb/backends_inventory/consul.go:326.2,326.38 1 1
mlb/backends_inventory/consul.go:326.38,330.18 2 1
mlb/backends_inventory/consul.go:330.18,332.4 1 1
mlb/backends_inventory/consul.go:335.2,335.33 1 1
mlb/backends_inventory/consul.go:338.41,341.2 2 1
mlb/backends_inventory/static.go:17.13,19.2 1 1
mlb/backends_inventory/static.go:39.84,42.2 2 1
mlb/backends_inventory/static.go:44.96,46.77 2 1
mlb/backends_inventory/static.go:46.77,48.3 1 1
mlb/backends_inventory/static.go:49.2,50.15 2 1
mlb/backends_inventory/static.go:53.112,63.39 3 1
mlb/backends_inventory/static.go:63.39,68.3 1 1
mlb/backends_inventory/static.go:70.2,72.10 2 1
mlb/backends_inventory/static.go:75.85,84.29 7 1
mlb/backends_inventory/static.go:84.29,90.3 1 1
mlb/backends_inventory/static.go:93.71,99.32 5 1
mlb/backends_inventory/static.go:99.32,101.3 1 1
mlb/backends_inventory/static.go:104.50,106.2 1 1
mlb/backends_inventory/static.go:108.71,110.2 1 1
mlb/backends_inventory/static.go:112.68,114.2 1 1
mlb/system/system.go:20.97,24.2 3 1
mlb/system/system.go:26.37,36.2 6 1
mlb/config/config.go:56.71,64.2 2 1
mlb/config/config.go:66.57,76.15 4 1
mlb/config/config.go:76.15,77.19 1 1
mlb/config/config.go:77.19,79.4 1 1
mlb/config/config.go:82.2,85.20 3 1
mlb/config/config.go:85.20,87.3 1 1
mlb/config/config.go:89.2,94.39 4 1
mlb/config/config.go:94.39,95.21 1 1
mlb/config/config.go:96.72,97.41 1 1
mlb/config/config.go:97.41,99.5 1 1
mlb/config/config.go:100.4,100.58 1 1
mlb/config/config.go:100.58,102.5 1 1
mlb/config/config.go:103.4,103.129 1 1
mlb/config/config.go:106.2,107.39 2 1
mlb/config/config.go:107.39,109.37 2 1
mlb/config/config.go:109.37,111.30 2 1
mlb/config/config.go:111.30,113.5 1 1
mlb/config/config.go:114.4,114.49 1 1
mlb/config/config.go:116.3,116.49 1 1
mlb/config/config.go:118.2,137.39 2 1
mlb/config/config.go:137.39,138.21 1 1
mlb/config/config.go:139.29,142.21 3 1
mlb/config/config.go:142.21,144.5 1 1
mlb/config/config.go:145.29,148.21 3 1
mlb/config/config.go:148.21,150.5 1 1
mlb/config/config.go:151.19,154.21 3 1
mlb/config/config.go:154.21,156.5 1 1
mlb/config/config.go:157.16,160.21 3 1
mlb/config/config.go:160.21,162.5 1 1
mlb/config/config.go:163.18,166.42 3 1
mlb/config/config.go:167.17,170.41 3 1
mlb/config/config.go:174.2,174.17 1 1
mlb/main.go:31.13,42.15 8 0
mlb/main.go:42.15,44.3 1 0
mlb/main.go:47.2,47.44 1 0
mlb/main.go:47.44,49.3 1 0
mlb/main.go:51.2,51.24 1 0
mlb/main.go:51.24,54.3 1 0
mlb/main.go:54.8,60.24 4 0
mlb/main.go:60.24,62.4 1 0
mlb/main.go:65.3,65.36 1 0
mlb/main.go:65.36,67.4 1 0
mlb/main.go:70.3,72.48 2 0
mlb/main.go:72.48,74.4 1 0
mlb/main.go:75.3,75.48 1 0
mlb/main.go:75.48,77.4 1 0
mlb/main.go:78.3,78.39 1 0
mlb/main.go:78.39,80.4 1 0
mlb/main.go:81.3,81.36 1 0
mlb/main.go:81.36,83.4 1 0
mlb/main.go:86.3,86.24 1 0
mlb/main.go:86.24,88.4 1 0
mlb/main.go:91.3,91.77 1 0
mlb/main.go:91.77,95.41 4 0
mlb/main.go:95.41,97.5 1 0
mlb/main.go:98.4,99.18 2 0
mlb/main.go:99.18,102.5 2 0
mlb/main.go:103.4,103.16 1 0
mlb/main.go:105.3,107.79 2 0
mlb/main.go:107.79,109.4 1 0
mlb/main.go:112.3,114.13 3 0
mlb/main.go:114.13,115.8 1 0
mlb/main.go:115.8,116.26 1 0
mlb/main.go:117.42,120.12 3 0
mlb/main.go:126.3,126.23 1 0
mlb/main.go:126.23,127.14 1 0
mlb/main.go:127.14,131.5 2 0
mlb/main.go:134.3,134.12 1 0
mlb/process_manager.go:16.64,25.28 4 1
mlb/process_manager.go:25.28,26.58 1 1
mlb/process_manager.go:26.58,27.12 1 1
mlb/process_manager.go:29.3,29.25 1 1
mlb/process_manager.go:31.2,36.16 4 1
mlb/process_manager.go:36.16,39.3 2 1
mlb/process_manager.go:40.2,42.12 2 1
mlb/process_manager.go:42.12,46.3 3 1
mlb/process_manager.go:48.2,48.15 1 1
mlb/process_manager.go:51.23,56.2 3 1
mlb/process_manager.go:58.55,65.16 5 1
mlb/process_manager.go:65.16,67.3 1 1
mlb/process_manager.go:68.2,72.6 3 1
mlb/process_manager.go:72.6,73.10 1 1
mlb/process_manager.go:74.27,75.13 1 1
mlb/process_manager.go:76.41,78.33 2 1
mlb/process_manager.go:78.33,80.6 1 1
mlb/process_manager.go:82.24,83.24 1 1
mlb/process_manager.go:83.24,86.6 1 1
mlb/process_manager.go:86.11,89.20 3 1
mlb/process_manager.go:89.20,92.7 2 1
mlb/process_manager.go:92.12,95.7 2 1
mlb/process_manager.go:98.25,100.33 2 1
mlb/process_manager.go:100.33,101.23 1 1
mlb/process_manager.go:101.23,103.7 1 1
mlb/process_manager.go:105.5,105.19 1 1
mlb/process_manager.go:107.27,108.21 1 1
mlb/process_manager.go:108.21,111.5 2 1
mlb/process_manager.go:111.10,113.5 1 1
mlb/process_manager.go:115.4,117.27 2 1
mlb/process_manager.go:117.27,119.15 2 1
mlb/proxy/proxy.go:19.91,20.46 1 1
mlb/proxy/proxy.go:20.46,29.3 1 1
mlb/proxy/proxy.go:30.2,37.18 3 1
mlb/proxy/proxy.go:39.77,41.2 1 1
mlb/proxy/proxy.go:43.49,45.2 1 1
mlb/proxy/redis_backend_connection.go:29.131,31.15 1 1
mlb/proxy/redis_backend_connection.go:31.15,32.31 1 1
mlb/proxy/redis_backend_connection.go:32.31,35.4 2 1
mlb/proxy/redis_backend_connection.go:38.2,64.36 11 1
mlb/proxy/redis_backend_connection.go:64.36,81.3 7 1
mlb/proxy/redis_backend_connection.go:84.2,84.12 1 1
mlb/proxy/redis_backend_connection.go:84.12,85.7 1 1
mlb/proxy/redis_backend_connection.go:85.7,86.11 1 1
mlb/proxy/redis_backend_connection.go:87.34,90.19 3 1
mlb/proxy/redis_backend_connection.go:90.19,91.57 1 1
mlb/proxy/redis_backend_connection.go:91.57,93.7 1 1
mlb/proxy/redis_backend_connection.go:94.6,96.12 3 1
mlb/proxy/redis_backend_connection.go:98.26,99.11 1 1
mlb/proxy/redis_backend_connection.go:105.2,105.12 1 1
mlb/proxy/redis_backend_connection.go:105.12,108.7 2 1
mlb/proxy/redis_backend_connection.go:108.7,110.18 2 1
mlb/proxy/redis_backend_connection.go:110.18,111.56 1 1
mlb/proxy/redis_backend_connection.go:111.56,113.6 1 1
mlb/proxy/redis_backend_connection.go:114.5,115.11 2 1
mlb/proxy/redis_backend_connection.go:117.4,118.11 2 1
mlb/proxy/redis_backend_connection.go:119.32,119.32 0 1
mlb/proxy/redis_backend_connection.go:120.26,121.11 1 0
mlb/proxy/redis_backend_connection.go:124.4,125.18 2 1
mlb/proxy/redis_backend_connection.go:125.18,127.5 1 0
mlb/proxy/redis_backend_connection.go:131.2,131.17 1 1
mlb/proxy/redis_backend_connection.go:134.73,135.9 1 1
mlb/proxy/redis_backend_connection.go:136.26,137.13 1 1
mlb/proxy/redis_backend_connection.go:138.27,139.55 1 1
mlb/proxy/redis_backend_connection.go:143.59,145.6 2 1
mlb/proxy/redis_backend_connection.go:145.6,146.10 1 1
mlb/proxy/redis_backend_connection.go:147.32,148.17 1 1
mlb/proxy/redis_backend_connection.go:149.11,150.10 1 1
mlb/proxy/redis_backend_connection_pool.go:29.83,43.12 5 1
mlb/proxy/redis_backend_connection_pool.go:43.12,44.7 1 1
mlb/proxy/redis_backend_connection_pool.go:44.7,45.11 1 1
mlb/proxy/redis_backend_connection_pool.go:46.35,49.41 3 1
mlb/proxy/redis_backend_connection_pool.go:50.27,51.11 1 1
mlb/proxy/redis_backend_connection_pool.go:56.2,56.13 1 1
mlb/proxy/redis_backend_connection_pool.go:59.86,64.65 3 1
mlb/proxy/redis_backend_connection_pool.go:64.65,68.56 4 1
mlb/proxy/redis_backend_connection_pool.go:68.56,70.4 1 1
mlb/proxy/redis_backend_connection_pool.go:71.3,71.21 1 1
mlb/proxy/redis_backend_connection_pool.go:74.2,74.29 1 1
mlb/proxy/redis_backend_connection_pool.go:74.29,76.3 1 1
mlb/proxy/redis_backend_connection_pool.go:77.2,77.12 1 1
mlb/proxy/redis_backend_connection_pool.go:80.74,88.36 6 1
mlb/proxy/redis_backend_connection_pool.go:88.36,91.3 2 1
mlb/proxy/redis_backend_connection_pool.go:94.84,96.2 1 1
mlb/proxy/redis_backend_connection_pool.go:98.50,106.30 5 1
mlb/proxy/redis_backend_connection_pool.go:106.30,107.53 1 1
mlb/proxy/redis_backend_connection_pool.go:107.53,110.4 2 1
mlb/proxy/redis_backend_connection_pool.go:112.2,117.6 3 1
mlb/proxy/redis_backend_connection_pool.go:117.6,122.54 4 1
mlb/proxy/redis_backend_connection_pool.go:122.54,123.9 1 1
mlb/proxy/redis_backend_connection_pool.go:127.3,128.7 2 1
mlb/proxy/redis_backend_connection_pool.go:128.7,130.25 2 1
mlb/proxy/redis_backend_connection_pool.go:130.25,132.10 2 1
mlb/proxy/redis_backend_connection_pool.go:134.4,138.11 3 1
mlb/proxy/redis_backend_connection_pool.go:139.27,140.11 1 1
mlb/proxy/redis_backend_connection_pool.go:141.12,141.12 0 1
mlb/proxy/redis_backend_connection_pool.go:144.3,148.17 3 1
mlb/proxy/redis_backend_connection_pool.go:148.17,151.4 2 1
mlb/proxy/redis_backend_connection_pool.go:151.9,155.4 3 1
mlb/proxy/redis_backend_connection_pool.go:158.3,158.10 1 1
mlb/proxy/redis_backend_connection_pool.go:159.26,160.10 1 1
mlb/proxy/redis_backend_connection_pool.go:161.11,161.11 0 1
mlb/proxy/redis_backend_connection_pool.go:165.2,169.36 4 1
mlb/proxy/redis_backend_connection_pool.go:169.36,172.3 2 1
mlb/proxy/redis_backend_connection_pool.go:172.8,172.43 1 1
mlb/proxy/redis_backend_connection_pool.go:172.43,175.3 2 0
mlb/proxy/redis_protocol.go:19.39,20.17 1 1
mlb/proxy/redis_protocol.go:20.17,22.3 1 1
mlb/proxy/redis_protocol.go:24.2,25.17 2 1
mlb/proxy/redis_protocol.go:25.17,28.18 3 1
mlb/proxy/redis_protocol.go:28.18,30.4 1 1
mlb/proxy/redis_protocol.go:33.2,34.22 2 1
mlb/proxy/redis_protocol.go:34.22,35.25 1 1
mlb/proxy/redis_protocol.go:35.25,37.4 1 1
mlb/proxy/redis_protocol.go:38.3,38.28 1 1
mlb/proxy/redis_protocol.go:41.2,41.9 1 1
mlb/proxy/redis_protocol.go:41.9,43.3 1 1
mlb/proxy/redis_protocol.go:44.2,44.17 1 1
mlb/proxy/redis_protocol.go:60.90,66.2 1 1
mlb/proxy/redis_protocol.go:76.77,89.49 10 1
mlb/proxy/redis_protocol.go:89.49,94.52 4 1
mlb/proxy/redis_protocol.go:94.52,96.4 1 1
mlb/proxy/redis_protocol.go:96.9,96.27 1 1
mlb/proxy/redis_protocol.go:96.27,98.4 1 1
mlb/proxy/redis_protocol.go:101.3,101.18 1 1
mlb/proxy/redis_protocol.go:102.42,104.20 1 1
mlb/proxy/redis_protocol.go:104.20,106.5 1 1
mlb/proxy/redis_protocol.go:108.22,110.20 1 1
mlb/proxy/redis_protocol.go:110.20,112.5 1 1
mlb/proxy/redis_protocol.go:114.4,114.40 1 1
mlb/proxy/redis_protocol.go:114.40,117.5 2 1
mlb/proxy/redis_protocol.go:117.10,119.23 2 1
mlb/proxy/redis_protocol.go:119.23,121.6 1 1
mlb/proxy/redis_protocol.go:123.5,123.18 1 1
mlb/proxy/redis_protocol.go:123.18,128.6 3 1
mlb/proxy/redis_protocol.go:131.12,133.20 1 1
mlb/proxy/redis_protocol.go:133.20,135.23 2 1
mlb/proxy/redis_protocol.go:135.23,137.6 1 1
mlb/proxy/redis_protocol.go:138.5,138.17 1 1
mlb/proxy/redis_protocol.go:138.17,143.6 3 1
mlb/proxy/redis_protocol.go:143.11,146.6 1 1
mlb/proxy/redis_protocol.go:148.10,150.5 1 1
mlb/proxy/redis_protocol.go:152.32,154.20 1 1
mlb/proxy/redis_protocol.go:154.20,156.5 1 1
mlb/proxy/redis_protocol.go:158.4,158.40 1 1
mlb/proxy/redis_protocol.go:158.40,162.15 4 1
mlb/proxy/redis_protocol.go:162.15,164.6 1 1
mlb/proxy/redis_protocol.go:165.10,167.23 2 1
mlb/proxy/redis_protocol.go:167.23,169.6 1 1
mlb/proxy/redis_protocol.go:172.5,172.41 1 1
mlb/proxy/redis_protocol.go:172.41,174.6 1 1
mlb/proxy/redis_protocol.go:176.5,178.23 2 1
mlb/proxy/redis_protocol.go:178.23,180.6 1 1
mlb/proxy/redis_protocol.go:183.12,185.20 1 1
mlb/proxy/redis_protocol.go:185.20,187.5 1 1
mlb/proxy/redis_protocol.go:188.4,188.22 1 1
mlb/proxy/redis_protocol.go:188.22,190.5 1 1
mlb/proxy/redis_protocol.go:193.4,193.42 1 1
mlb/proxy/redis_protocol.go:193.42,196.15 3 1
mlb/proxy/redis_protocol.go:196.15,198.6 1 1
mlb/proxy/redis_protocol.go:199.5,199.16 1 1
mlb/proxy/redis_protocol.go:202.11,203.11 1 1
mlb/proxy/redis_protocol.go:203.11,206.5 1 1
mlb/proxy/redis_protocol.go:206.10,206.27 1 1
mlb/proxy/redis_protocol.go:206.27,209.5 1 1
mlb/proxy/redis_protocol.go:215.3,215.67 1 1
mlb/proxy/redis_protocol.go:215.67,217.4 1 1
mlb/proxy/redis_protocol.go:220.3,220.22 1 1
mlb/proxy/redis_protocol.go:223.2,225.9 2 1
mlb/proxy/redis_protocol.go:225.9,227.3 1 1
mlb/proxy/redis_protocol.go:229.2,229.53 1 1
mlb/proxy/redis_protocol.go:234.61,236.53 1 1
mlb/proxy/redis_protocol.go:236.53,238.26 1 1
mlb/proxy/redis_protocol.go:238.26,240.4 1 1
mlb/proxy/redis_protocol.go:240.9,250.4 6 1
mlb/proxy/redis_protocol.go:254.2,260.15 4 1
mlb/proxy/redis_protocol.go:265.74,268.58 2 1
mlb/proxy/redis_protocol.go:268.58,270.38 1 1
mlb/proxy/redis_protocol.go:270.38,272.14 2 1
mlb/proxy/redis_protocol.go:272.14,275.5 1 1
mlb/proxy/redis_protocol.go:275.10,275.42 1 1
mlb/proxy/redis_protocol.go:275.42,277.5 1 1
mlb/proxy/redis_protocol.go:283.3,283.144 1 1
mlb/proxy/redis_protocol.go:283.144,286.4 2 1
mlb/proxy/redis_protocol.go:289.2,289.17 1 0
mlb/proxy/redis_proxy.go:25.13,27.2 1 1
mlb/proxy/redis_proxy.go:72.71,75.2 2 1
mlb/proxy/redis_proxy.go:77.70,79.77 2 1
mlb/proxy/redis_proxy.go:79.77,81.3 1 0
mlb/proxy/redis_proxy.go:82.2,83.33 2 1
mlb/proxy/redis_proxy.go:83.33,85.3 1 1
mlb/proxy/redis_proxy.go:86.2,86.31 1 1
mlb/proxy/redis_proxy.go:86.31,88.3 1 1
mlb/proxy/redis_proxy.go:89.2,89.37 1 1
mlb/proxy/redis_proxy.go:89.37,91.3 1 1
mlb/proxy/redis_proxy.go:92.2,92.28 1 1
mlb/proxy/redis_proxy.go:92.28,94.3 1 1
mlb/proxy/redis_proxy.go:95.2,95.33 1 1
mlb/proxy/redis_proxy.go:95.33,97.3 1 1
mlb/proxy/redis_proxy.go:98.2,98.42 1 1
mlb/proxy/redis_proxy.go:98.42,100.3 1 1
mlb/proxy/redis_proxy.go:101.2,101.43 1 1
mlb/proxy/redis_proxy.go:101.43,103.3 1 1
mlb/proxy/redis_proxy.go:104.2,104.30 1 1
mlb/proxy/redis_proxy.go:104.30,106.3 1 1
mlb/proxy/redis_proxy.go:107.2,107.33 1 1
mlb/proxy/redis_proxy.go:107.33,109.3 1 1
mlb/proxy/redis_proxy.go:110.2,110.36 1 1
mlb/proxy/redis_proxy.go:110.36,112.3 1 1
mlb/proxy/redis_proxy.go:113.2,113.15 1 1
mlb/proxy/redis_proxy.go:116.99,154.12 18 1
mlb/proxy/redis_proxy.go:154.12,161.7 5 1
mlb/proxy/redis_proxy.go:161.7,162.11 1 1
mlb/proxy/redis_proxy.go:163.39,164.21 1 1
mlb/proxy/redis_proxy.go:165.34,166.41 1 1
mlb/proxy/redis_proxy.go:167.37,168.44 1 1
mlb/proxy/redis_proxy.go:169.36,170.36 1 1
mlb/proxy/redis_proxy.go:172.5,172.40 1 1
mlb/proxy/redis_proxy.go:174.24,175.19 1 1
mlb/proxy/redis_proxy.go:180.2,180.10 1 1
mlb/proxy/redis_proxy.go:183.65,188.70 2 1
mlb/proxy/redis_proxy.go:188.70,190.44 2 1
mlb/proxy/redis_proxy.go:190.44,192.5 1 1
mlb/proxy/redis_proxy.go:192.19,194.5 1 0
mlb/proxy/redis_proxy.go:195.4,195.16 1 1
mlb/proxy/redis_proxy.go:200.2,203.34 3 1
mlb/proxy/redis_proxy.go:203.34,206.3 2 1
mlb/proxy/redis_proxy.go:208.2,209.12 2 1
mlb/proxy/redis_proxy.go:209.12,215.7 5 1
mlb/proxy/redis_proxy.go:215.7,217.37 2 1
mlb/proxy/redis_proxy.go:217.37,218.10 1 1
mlb/proxy/redis_proxy.go:220.4,223.31 4 1
mlb/proxy/redis_proxy.go:226.3,226.25 1 1
mlb/proxy/redis_proxy.go:230.59,240.32 6 1
mlb/proxy/redis_proxy.go:240.32,243.51 3 1
mlb/proxy/redis_proxy.go:243.51,245.4 1 0
mlb/proxy/redis_proxy.go:249.2,249.57 1 1
mlb/proxy/redis_proxy.go:249.57,251.50 2 1
mlb/proxy/redis_proxy.go:251.50,254.4 2 1
mlb/proxy/redis_proxy.go:256.3,256.33 1 1
mlb/proxy/redis_proxy.go:256.33,258.4 1 1
mlb/proxy/redis_proxy.go:260.2,263.15 2 1
mlb/proxy/redis_proxy.go:263.15,264.31 1 1
mlb/proxy/redis_proxy.go:264.31,268.4 2 1
mlb/proxy/redis_proxy.go:272.2,282.30 7 1
mlb/proxy/redis_proxy.go:282.30,283.28 1 1
mlb/proxy/redis_proxy.go:287.2,290.12 4 1
mlb/proxy/redis_proxy.go:290.12,291.7 1 1
mlb/proxy/redis_proxy.go:291.7,292.11 1 1
mlb/proxy/redis_proxy.go:293.36,294.29 1 1
mlb/proxy/redis_proxy.go:294.29,297.20 3 1
mlb/proxy/redis_proxy.go:297.20,300.7 2 0
mlb/proxy/redis_proxy.go:301.11,304.6 2 1
mlb/proxy/redis_proxy.go:305.22,306.11 1 1
mlb/proxy/redis_proxy.go:312.2,314.6 2 1
mlb/proxy/redis_proxy.go:314.6,316.53 2 1
mlb/proxy/redis_proxy.go:316.53,318.4 1 1
mlb/proxy/redis_proxy.go:318.9,318.24 1 1
mlb/proxy/redis_proxy.go:318.24,319.59 1 0
mlb/proxy/redis_proxy.go:322.3,325.28 3 1
mlb/proxy/redis_proxy.go:325.28,329.18 2 1
mlb/proxy/redis_proxy.go:329.18,332.33 3 1
mlb/proxy/redis_proxy.go:332.33,333.31 1 0
mlb/proxy/redis_proxy.go:335.5,336.19 2 1
mlb/proxy/redis_proxy.go:336.19,337.57 1 1
mlb/proxy/redis_proxy.go:340.9,343.4 1 1
mlb/proxy/redis_proxy.go:347.37,349.2 1 1
mlb/proxy/redis_proxy.go:351.63,352.9 1 1
mlb/proxy/redis_proxy.go:353.35,353.35 0 1
mlb/proxy/redis_proxy.go:354.36,354.36 0 0
mlb/proxy/redis_proxy.go:358.69,360.2 1 1
mlb/proxy/redis_proxy.go:362.47,364.2 1 1
mlb/proxy/redis_proxy.go:366.55,370.32 2 1
mlb/proxy/redis_proxy.go:370.32,372.3 1 1
mlb/proxy/redis_query.go:29.108,36.2 1 1
mlb/proxy/redis_query.go:38.50,39.9 1 1
mlb/proxy/redis_query.go:43.4,44.13 1 1
mlb/proxy/redis_query.go:45.28,46.50 1 1
mlb/proxy/redis_query.go:50.39,52.2 1 1
mlb/proxy/redis_query.go:54.41,58.16 2 1
mlb/proxy/redis_query.go:58.16,60.3 1 1
mlb/proxy/redis_query.go:63.2,63.23 1 1
mlb/proxy/redis_query.go:63.23,65.3 1 0
mlb/proxy/redis_query.go:68.2,69.28 2 1
mlb/proxy/redis_query.go:69.28,70.27 1 1
mlb/proxy/redis_query.go:70.27,72.4 1 1
mlb/proxy/redis_query.go:72.9,74.4 1 1
mlb/proxy/redis_query.go:77.2,78.14 2 1
mlb/proxy/redis_query.go:81.50,82.22 1 1
mlb/proxy/redis_query.go:82.22,83.23 1 1
mlb/proxy/redis_query.go:83.23,85.15 2 1
mlb/proxy/redis_query.go:85.15,87.5 1 1
mlb/proxy/redis_query.go:89.4,90.15 2 1
mlb/proxy/redis_query.go:90.15,92.5 1 1
mlb/proxy/redis_query.go:94.4,95.18 2 1
mlb/proxy/redis_query.go:95.18,97.5 1 1
mlb/proxy/redis_query.go:99.4,99.42 1 1
mlb/proxy/redis_query.go:101.9,103.19 2 1
mlb/proxy/redis_query.go:103.19,105.5 1 1
mlb/proxy/redis_query.go:105.10,107.5 1 1
mlb/proxy/redis_query.go:109.8,111.3 1 1
mlb/proxy/tcp.go:26.13,28.2 1 1
mlb/proxy/tcp.go:78.69,81.2 2 1
mlb/proxy/tcp.go:83.66,85.77 2 1
mlb/proxy/tcp.go:85.77,87.3 1 0
mlb/proxy/tcp.go:88.2,89.33 2 1
mlb/proxy/tcp.go:89.33,91.3 1 1
mlb/proxy/tcp.go:92.2,92.32 1 1
mlb/proxy/tcp.go:92.32,94.3 1 1
mlb/proxy/tcp.go:95.2,95.32 1 1
mlb/proxy/tcp.go:95.32,97.3 1 1
mlb/proxy/tcp.go:98.2,98.31 1 1
mlb/proxy/tcp.go:98.31,100.3 1 1
mlb/proxy/tcp.go:101.2,101.32 1 1
mlb/proxy/tcp.go:101.32,103.3 1 1
mlb/proxy/tcp.go:104.2,104.28 1 1
mlb/proxy/tcp.go:104.28,106.3 1 1
mlb/proxy/tcp.go:107.2,107.15 1 1
mlb/proxy/tcp.go:110.97,141.19 15 1
mlb/proxy/tcp.go:141.19,143.4 1 1
mlb/proxy/tcp.go:146.2,146.10 1 1
mlb/proxy/tcp.go:149.63,162.70 3 1
mlb/proxy/tcp.go:162.70,164.44 2 1
mlb/proxy/tcp.go:164.44,166.5 1 1
mlb/proxy/tcp.go:166.19,168.5 1 0
mlb/proxy/tcp.go:169.4,169.16 1 1
mlb/proxy/tcp.go:174.2,177.34 3 1
mlb/proxy/tcp.go:177.34,180.3 2 1
mlb/proxy/tcp.go:182.2,183.12 2 1
mlb/proxy/tcp.go:183.12,189.7 5 1
mlb/proxy/tcp.go:189.7,191.37 2 1
mlb/proxy/tcp.go:191.37,192.10 1 1
mlb/proxy/tcp.go:194.4,197.42 4 1
mlb/proxy/tcp.go:200.3,200.25 1 1
mlb/proxy/tcp.go:204.196,209.15 2 1
mlb/proxy/tcp.go:209.15,210.31 1 1
mlb/proxy/tcp.go:210.31,212.4 1 1
mlb/proxy/tcp.go:215.2,220.6 4 1
mlb/proxy/tcp.go:220.6,221.24 1 1
mlb/proxy/tcp.go:221.24,223.82 2 1
mlb/proxy/tcp.go:223.82,226.5 2 1
mlb/proxy/tcp.go:228.3,229.90 2 1
mlb/proxy/tcp.go:229.90,232.4 2 1
mlb/proxy/tcp.go:234.3,234.17 1 1
mlb/proxy/tcp.go:234.17,236.26 2 1
mlb/proxy/tcp.go:236.26,238.86 2 1
mlb/proxy/tcp.go:238.86,241.6 2 1
mlb/proxy/tcp.go:243.4,244.18 2 1
mlb/proxy/tcp.go:244.18,246.5 1 1
mlb/proxy/tcp.go:247.4,247.23 1 1
mlb/proxy/tcp.go:247.23,248.44 1 1
mlb/proxy/tcp.go:248.44,250.6 1 0
mlb/proxy/tcp.go:251.5,251.11 1 1
mlb/proxy/tcp.go:255.3,255.21 1 1
mlb/proxy/tcp.go:255.21,257.4 1 1
mlb/proxy/tcp.go:261.70,266.13 4 1
mlb/proxy/tcp.go:266.13,274.3 2 1
mlb/proxy/tcp.go:275.2,275.12 1 1
mlb/proxy/tcp.go:278.77,289.57 7 1
mlb/proxy/tcp.go:289.57,291.50 2 1
mlb/proxy/tcp.go:291.50,294.4 2 1
mlb/proxy/tcp.go:296.3,296.33 1 1
mlb/proxy/tcp.go:296.33,298.4 1 1
mlb/proxy/tcp.go:300.2,302.15 2 1
mlb/proxy/tcp.go:302.15,305.3 2 1
mlb/proxy/tcp.go:308.2,313.15 4 1
mlb/proxy/tcp.go:313.15,314.31 1 1
mlb/proxy/tcp.go:314.31,318.4 2 1
mlb/proxy/tcp.go:322.2,324.54 2 1
mlb/proxy/tcp.go:324.54,326.3 1 1
mlb/proxy/tcp.go:328.2,328.20 1 1
mlb/proxy/tcp.go:328.20,330.3 1 1
mlb/proxy/tcp.go:332.2,333.20 2 1
mlb/proxy/tcp.go:333.20,335.3 1 1
mlb/proxy/tcp.go:335.8,336.40 1 1
mlb/proxy/tcp.go:339.2,353.15 10 1
mlb/proxy/tcp.go:353.15,356.3 2 1
mlb/proxy/tcp.go:359.2,366.9 5 1
mlb/proxy/tcp.go:367.23,367.23 0 1
mlb/proxy/tcp.go:368.23,368.23 0 1
mlb/proxy/tcp.go:369.20,369.20 0 1
mlb/proxy/tcp.go:373.2,374.18 2 1
mlb/proxy/tcp.go:377.35,379.2 1 1
mlb/proxy/tcp.go:381.53,384.26 2 1
mlb/proxy/tcp.go:384.26,386.3 1 1
mlb/proxy/tcp.go:389.2,389.32 1 1
mlb/proxy/tcp.go:389.32,391.3 1 1
